// Jest Snapshot v1, https://goo.gl/fbAQLP

exports[`Dialog buttons renders correctly 1`] = `
<React.Fragment>
  <span>
    <Button
      buttonType="default"
      title="保存"
    />
  </span>
  <span>
    <Button
      buttonType="custom"
      onClick={[MockFunction]}
      title="取消"
    />
  </span>
</React.Fragment>
`;

exports[`Dialog renders correctly 1`] = `
<div
  className="j-ui-dialog-container Dialog-test"
>
  <Icon
    USEMsFabricIcon={true}
    className="j-ui-dialog-close"
    iconName="Cancel"
    onClick={[Function]}
  />
  <header
    className="j-ui-dialog-header"
  >
    提示
  </header>
  <main
    className="j-ui-dialog-content"
  >
    <div>
      123
    </div>
  </main>
  <footer
    className="j-ui-dialog-footer"
  >
    <span>
      <Button
        buttonType="default"
        onClick={[Function]}
        title="Save"
      />
    </span>
    <span>
      <Button
        buttonType="custom"
        onClick={[Function]}
        title="Cancel"
      />
    </span>
  </footer>
</div>
`;
